<html xmlns:tomboy="http://beatniksoftware.com/tomboy" xmlns:link="http://beatniksoftware.com/tomboy/link" xmlns:size="http://beatniksoftware.com/tomboy/size"><head><META http-equiv="Content-Type" content="text/html; charset=utf-8"><title>Neue Notiz 6</title><style type="text/css">
        
	body { font-family:'Serif'; }
	h1 { font-size: xx-large;
     	     font-weight: bold;
     	     color: red;
     	     text-decoration: underline; }
	div.note { overflow: auto;
		   position: relative;
		   border: 1px solid black;
		   display: block;
		   padding: 5pt;
		   margin: 5pt; 
		   white-space: -moz-pre-wrap; /* Mozilla */
 	      	   white-space: -pre-wrap;     /* Opera 4 - 6 */
 	      	   white-space: -o-pre-wrap;   /* Opera 7 */
 	      	   white-space: pre-wrap;      /* CSS3 */
 	      	   word-wrap: break-word;      /* IE 5.5+ */ }
	</style></head><body><div class="note" id="Neue Notiz 6" style="width:1318;"><a name="#Neue Notiz 6"></a><h1>Neue Notiz 6</h1>
Jan 26 20:59:07 video kernel: oom-killer: gfp_mask=0xd0, order=0
Jan 26 20:59:07 video kernel: Mem-info:
Jan 26 20:59:07 video kernel: DMA per-cpu:
Jan 26 20:59:07 video kernel: cpu 0 hot: high 0, batch 1 used:0
Jan 26 20:59:07 video kernel: cpu 0 cold: high 0, batch 1 used:0
Jan 26 20:59:07 video kernel: DMA32 per-cpu: empty
Jan 26 20:59:07 video kernel: Normal per-cpu:
Jan 26 20:59:07 video kernel: cpu 0 hot: high 186, batch 31 used:148
Jan 26 20:59:07 video kernel: cpu 0 cold: high 62, batch 15 used:14
Jan 26 20:59:07 video kernel: <span style="color:silver"><u>HighMem</u></span> per-cpu: empty
Jan 26 20:59:07 video kernel: Free pages:        6504kB (0kB <span style="color:silver"><u>HighMem</u></span>)
Jan 26 20:59:07 video kernel: Active:91807 inactive:90073 dirty:0 writeback:0 unstable:0 free:1626 slab:4108 mapped:181273 pagetables:1644
Jan 26 20:59:07 video kernel: DMA free:3076kB min:72kB low:88kB high:108kB active:5984kB inactive:3752kB present:16384kB pages_scanned:20734 all_unreclaimable? yes
Jan 26 20:59:09 video kernel: lowmem_reserve[]: 0 0 751 751
Jan 26 20:59:09 video kernel: DMA32 free:0kB min:0kB low:0kB high:0kB active:0kB inactive:0kB present:0kB pages_scanned:0 all_unreclaimable? no
Jan 26 20:59:10 video kernel: lowmem_reserve[]: 0 0 751 751
Jan 26 20:59:11 video kernel: Normal free:3428kB min:3468kB low:4332kB high:5200kB active:361244kB inactive:356540kB present:769984kB pages_scanned:726187 all_unreclaimable? yes
Jan 26 20:59:12 video kernel: lowmem_reserve[]: 0 0 0 0
Jan 26 20:59:12 video kernel: <span style="color:silver"><u>HighMem</u></span> free:0kB min:128kB low:128kB high:128kB active:0kB inactive:0kB present:0kB pages_scanned:0 all_unreclaimable? no
Jan 26 20:59:12 video kernel: lowmem_reserve[]: 0 0 0 0
Jan 26 20:59:12 video kernel: DMA: 1*4kB 0*8kB 0*16kB 0*32kB 0*64kB 0*128kB 0*256kB 0*512kB 1*1024kB 1*2048kB 0*4096kB = 3076kB
Jan 26 20:59:12 video kernel: DMA32: empty
Jan 26 20:59:12 video kernel: Normal: 1*4kB 0*8kB 4*16kB 1*32kB 0*64kB 0*128kB 1*256kB 0*512kB 1*1024kB 1*2048kB 0*4096kB = 3428kB
Jan 26 20:59:12 video kernel: <span style="color:silver"><u>HighMem</u></span>: empty
Jan 26 20:59:12 video kernel: Swap cache: add 815474, delete 815235, find 131566/156269, race 0+6
Jan 26 20:59:12 video kernel: Free swap  = 0kB
Jan 26 20:59:12 video kernel: Total swap = 2070860kB
Jan 26 20:59:12 video kernel: Free swap:            0kB
Jan 26 20:59:12 video kernel: 196592 pages of RAM
Jan 26 20:59:12 video kernel: 0 pages of HIGHMEM
Jan 26 20:59:12 video kernel: 2780 reserved pages
Jan 26 20:59:13 video kernel: 16534 pages shared
Jan 26 20:59:13 video kernel: 239 pages swap cached
Jan 26 20:59:13 video kernel: 0 pages dirty
Jan 26 20:59:13 video kernel: 0 pages writeback
Jan 26 20:59:13 video kernel: 181273 pages mapped
Jan 26 20:59:13 video kernel: 4108 pages slab
Jan 26 20:59:13 video kernel: 1644 pages pagetables
Jan 26 20:59:13 video kernel: Out of Memory: Killed process 2917 (gnome-screensav).
</div></body></html>